CREATE DATABASE db_insert_after_drop;
\c db_insert_after_drop
CREATE EXTENSION diskquota;
-- Test Drop Extension
CREATE SCHEMA sdrtbl;
SELECT diskquota.set_schema_quota('sdrtbl', '1 MB');
 set_schema_quota 
------------------
 
(1 row)

SET search_path TO sdrtbl;
CREATE TABLE a(i int);
NOTICE:  Table doesn't have 'DISTRIBUTED BY' clause -- Using column named 'i' as the Greenplum Database data distribution key for this table.
HINT:  The 'DISTRIBUTED BY' clause determines the distribution of data. Make sure column(s) chosen are the optimal data distribution key to minimize skew.
INSERT INTO a SELECT generate_series(1,100);
-- expect insert fail
INSERT INTO a SELECT generate_series(1,100000000);
ERROR:  schema's disk space quota exceeded with name:sdrtbl
SELECT pg_sleep(20);
 pg_sleep 
----------
 
(1 row)

INSERT INTO a SELECT generate_series(1,100);
ERROR:  schema's disk space quota exceeded with name:sdrtbl
DROP EXTENSION diskquota;
-- no sleep, it will take effect immediately
INSERT INTO a SELECT generate_series(1,100);
DROP TABLE a;
\c postgres
DROP DATABASE db_insert_after_drop;
