-- Test SCHEMA
CREATE SCHEMA s1;
SET search_path to s1;
CREATE TABLE a(i int);
NOTICE:  Table doesn't have 'DISTRIBUTED BY' clause -- Using column named 'i' as the Greenplum Database data distribution key for this table.
HINT:  The 'DISTRIBUTED BY' clause determines the distribution of data. Make sure column(s) chosen are the optimal data distribution key to minimize skew.
INSERT INTO a SELECT generate_series(1,2000000);
SELECT pg_sleep(20);
 pg_sleep 
----------
 
(1 row)

SELECT (pg_database_size(oid)-dbsize)/dbsize < 0.1  FROM pg_database, diskquota.database_size_view WHERE datname='contrib_regression';
 ?column? 
----------
 t
(1 row)

RESET search_path;
DROP TABLE s1.a;
DROP SCHEMA s1;
